
> @eva/data-model-ui@1.0.0 build
> vite build

[36mvite v5.4.21 [32mbuilding for production...[36m[39m
transforming...
[32mΓ£ô[39m 196 modules transformed.
x Build failed in 3.13s
error during build:
[vite:load-fallback] Could not load C:\eva-foundry\37-data-model\ui\src\api/useSearchHealthData (imported by src/pages/admin/SearchHealthPage.tsx): ENOENT: no such file or directory, open 'C:\eva-foundry\37-data-model\ui\src\api\useSearchHealthData'
    at async open (node:internal/fs/promises:642:25)
    at async Object.readFile (node:internal/fs/promises:1279:14)
    at async Object.load (file:///C:/eva-foundry/37-data-model/ui/node_modules/vite/dist/node/chunks/dep-BK3b2jBa.js:65357:25)
    at async PluginDriver.hookFirstAndGetPlugin (file:///C:/eva-foundry/37-data-model/ui/node_modules/rollup/dist/es/shared/node-entry.js:22453:28)
    at async file:///C:/eva-foundry/37-data-model/ui/node_modules/rollup/dist/es/shared/node-entry.js:21445:33
    at async Queue.work (file:///C:/eva-foundry/37-data-model/ui/node_modules/rollup/dist/es/shared/node-entry.js:22681:32)
